
Time : 19/1/2026, 2:56:33 pm
Total Memory : 15.19 GB
Free Memory : 4.39 GB
Platform : win32
CPU : AMD Ryzen 7 6800H with Radeon Graphics         
Uptime : 0.90 hours
-----------------------------

Time : 19/1/2026, 2:56:38 pm
Total Memory : 15.19 GB
Free Memory : 4.38 GB
Platform : win32
CPU : AMD Ryzen 7 6800H with Radeon Graphics         
Uptime : 0.90 hours
-----------------------------

Time : 19/1/2026, 2:56:43 pm
Total Memory : 15.19 GB
Free Memory : 4.45 GB
Platform : win32
CPU : AMD Ryzen 7 6800H with Radeon Graphics         
Uptime : 0.90 hours
-----------------------------

Time : 19/1/2026, 2:56:48 pm
Total Memory : 15.19 GB
Free Memory : 4.45 GB
Platform : win32
CPU : AMD Ryzen 7 6800H with Radeon Graphics         
Uptime : 0.90 hours
-----------------------------

Time : 19/1/2026, 2:56:53 pm
Total Memory : 15.19 GB
Free Memory : 4.55 GB
Platform : win32
CPU : AMD Ryzen 7 6800H with Radeon Graphics         
Uptime : 0.91 hours
-----------------------------

Time : 19/1/2026, 2:56:58 pm
Total Memory : 15.19 GB
Free Memory : 4.56 GB
Platform : win32
CPU : AMD Ryzen 7 6800H with Radeon Graphics         
Uptime : 0.91 hours
-----------------------------

Time : 19/1/2026, 2:57:03 pm
Total Memory : 15.19 GB
Free Memory : 5.88 GB
Platform : win32
CPU : AMD Ryzen 7 6800H with Radeon Graphics         
Uptime : 0.91 hours
-----------------------------

Time : 19/1/2026, 2:57:08 pm
Total Memory : 15.19 GB
Free Memory : 5.96 GB
Platform : win32
CPU : AMD Ryzen 7 6800H with Radeon Graphics         
Uptime : 0.91 hours
-----------------------------

Time : 19/1/2026, 2:57:13 pm
Total Memory : 15.19 GB
Free Memory : 6.07 GB
Platform : win32
CPU : AMD Ryzen 7 6800H with Radeon Graphics         
Uptime : 0.91 hours
-----------------------------

Time : 19/1/2026, 2:57:18 pm
Total Memory : 15.19 GB
Free Memory : 6.08 GB
Platform : win32
CPU : AMD Ryzen 7 6800H with Radeon Graphics         
Uptime : 0.91 hours
-----------------------------

Time : 19/1/2026, 2:57:23 pm
Total Memory : 15.19 GB
Free Memory : 6.05 GB
Platform : win32
CPU : AMD Ryzen 7 6800H with Radeon Graphics         
Uptime : 0.91 hours
-----------------------------

Time : 19/1/2026, 2:57:28 pm
Total Memory : 15.19 GB
Free Memory : 6.03 GB
Platform : win32
CPU : AMD Ryzen 7 6800H with Radeon Graphics         
Uptime : 0.92 hours
-----------------------------
